
> cog-library-spa@0.0.0 build
> tsc -b && vite build

[36mvite v7.0.6 [32mbuilding for production...[36m[39m
transforming...
[32mΓ£ô[39m 11707 modules transformed.
rendering chunks...
computing gzip size...
[2mdist/[22m[32mindex.html                 [39m[1m[2m  0.46 kB[22m[1m[22m[2m Γöé gzip:   0.30 kB[22m
[2mdist/[22m[35massets/index-D4gi9XT-.css  [39m[1m[2m  0.97 kB[22m[1m[22m[2m Γöé gzip:   0.50 kB[22m
[2mdist/[22m[36massets/index-wt6le42H.js   [39m[1m[33m566.10 kB[39m[22m[2m Γöé gzip: 173.96 kB[22m
node.exe : [33m
At C:\Program Files\nodejs\npm.ps1:29 char:3
+   & $NODE_EXE $NPM_CLI_JS $args
+   ~~~~~~~~~~~~~~~~~~~~~~~~~~~~~
    + CategoryInfo          : NotSpecified: ([33m:String)  
   [], RemoteException
    + FullyQualifiedErrorId : NativeCommandError
 
(!) Some chunks are larger than 500 kB after minification. 
Consider:
- Using dynamic import() to code-split the application
- Use build.rollupOptions.output.manualChunks to improve 
chunking: https://rollupjs.org/configuration-options/#output
-manualchunks
- Adjust chunk size limit for this warning via 
build.chunkSizeWarningLimit.[39m
[32mΓ£ô built in 24.19s[39m
